projects/amazon-trend-analyzer/qb_chunks/page_698_skip698000.csv
ASIN Buyability Flag,asin_status,CVR%,revenue,asp,units,gv,Images #,Videos #,Has A+ Content,Buybox Winner,Average Rating,Number of Ratings,bb_price,Ad CTR%,Ad CVR%,bsr,brand,Ad CPC$,ASIN (Description),Update Type,Sold By Amazon,Has Coupon?,Has Store Link?,In Stock Today?,category,Sellable On Hand Units,asin,date,Ad Cost,Ad Sales,Ad Clicks,Ad Impressions,Ad Conversions
In Stock,ACTIVE,0.03,10.0,9.58,1.0,33.0,7.0,5.0,False,,4.6,206.0,9.58,,,387.0,Dole,,"B0DTLKZ6NB (Dole: Dog Biscuits, Apple & Carrot  Assorted Bag 7oz)",[],True,True,True,True,Treats & Chews,341.0,B0DTLKZ6NB,2025-05-26,,,,,
In Stock,ACTIVE,0.192,48.0,9.58,5.0,26.0,7.0,5.0,False,,4.6,206.0,9.59,,,387.0,Dole,,"B0DTLKZ6NB (Dole: Dog Biscuits, Apple & Carrot  Assorted Bag 7oz)",[],True,True,True,True,Treats & Chews,353.0,B0DTLKZ6NB,2025-05-25,0.0,0.0,0.0,0.0,0.0
In Stock,ACTIVE,0.136,29.0,9.59,3.0,22.0,7.0,5.0,False,,4.5,203.0,9.69,,,405.0,Dole,,"B0DTLKZ6NB (Dole: Dog Biscuits, Apple & Carrot  Assorted Bag 7oz)",[],True,True,True,True,Treats & Chews,371.0,B0DTLKZ6NB,2025-05-24,,,,,
In Stock,ACTIVE,0.095,19.0,9.69,2.0,21.0,7.0,5.0,False,,4.5,203.0,9.69,,,402.0,Dole,,"B0DTLKZ6NB (Dole: Dog Biscuits, Apple & Carrot  Assorted Bag 7oz)",[],True,True,True,True,Treats & Chews,360.0,B0DTLKZ6NB,2025-05-23,,,,,
In Stock,ACTIVE,0.171,58.0,9.69,6.0,35.0,7.0,5.0,False,,4.5,200.0,9.78,,,403.0,Dole,,"B0DTLKZ6NB (Dole: Dog Biscuits, Apple & Carrot  Assorted Bag 7oz)",[],True,True,True,True,Treats & Chews,350.0,B0DTLKZ6NB,2025-05-22,0.0,0.0,0.0,0.0,0.0
In Stock,ACTIVE,0.294,98.0,9.78,10.0,34.0,7.0,5.0,False,,4.5,197.0,9.78,0.00390625,0.0,385.0,Dole,3.0,"B0DTLKZ6NB (Dole: Dog Biscuits, Apple & Carrot  Assorted Bag 7oz)",[],True,True,True,True,Treats & Chews,386.0,B0DTLKZ6NB,2025-05-21,3.0,0.0,1.0,256.0,0.0
In Stock,ACTIVE,0.091,29.0,9.8,3.0,33.0,7.0,5.0,False,,4.5,197.0,9.71,0.0,,375.0,Dole,,"B0DTLKZ6NB (Dole: Dog Biscuits, Apple & Carrot  Assorted Bag 7oz)",[],True,True,True,True,Treats & Chews,399.0,B0DTLKZ6NB,2025-05-20,0.0,0.0,0.0,287.0,0.0
In Stock,ACTIVE,0.135,48.0,9.7,5.0,37.0,7.0,5.0,False,,4.5,196.0,9.69,0.0,,405.0,Dole,,"B0DTLKZ6NB (Dole: Dog Biscuits, Apple & Carrot  Assorted Bag 7oz)",[],True,True,True,True,Treats & Chews,396.0,B0DTLKZ6NB,2025-05-19,0.0,0.0,0.0,339.0,0.0
In Stock,ACTIVE,0.063,39.0,9.67,4.0,63.0,7.0,5.0,False,,4.6,194.0,9.65,0.0,,409.0,Dole,,"B0DTLKZ6NB (Dole: Dog Biscuits, Apple & Carrot  Assorted Bag 7oz)",[],True,True,True,True,Treats & Chews,383.0,B0DTLKZ6NB,2025-05-18,0.0,0.0,0.0,168.0,0.0
In Stock,ACTIVE,0.048,10.0,9.63,1.0,21.0,7.0,5.0,False,,4.6,192.0,9.63,0.002915451895043732,0.0,413.0,Dole,3.09,"B0DTLKZ6NB (Dole: Dog Biscuits, Apple & Carrot  Assorted Bag 7oz)",[],True,True,True,True,Treats & Chews,372.0,B0DTLKZ6NB,2025-05-17,3.09,0.0,1.0,343.0,0.0
In Stock,ACTIVE,0.206,67.0,9.63,7.0,34.0,7.0,5.0,False,,4.6,191.0,9.46,0.0078125,0.0,419.0,Dole,2.39,"B0DTLKZ6NB (Dole: Dog Biscuits, Apple & Carrot  Assorted Bag 7oz)",[],True,True,True,True,Treats & Chews,316.0,B0DTLKZ6NB,2025-05-16,9.56,0.0,4.0,512.0,0.0
In Stock,ACTIVE,0.05400000000000001,19.0,9.49,2.0,37.0,2.0,5.0,False,,4.6,190.0,9.44,0.005617977528089887,0.0,420.0,Dole,2.58,"B0DTLKZ6NB (Dole: Dog Biscuits, Apple & Carrot  Assorted Bag 7oz)",[],True,True,True,True,Treats & Chews,370.0,B0DTLKZ6NB,2025-05-15,5.16,0.0,2.0,356.0,0.0
In Stock,ACTIVE,0.2,85.0,9.44,9.0,45.0,2.0,5.0,False,,4.6,190.0,9.44,0.0,,421.0,Dole,,"B0DTLKZ6NB (Dole: Dog Biscuits, Apple & Carrot  Assorted Bag 7oz)",[],True,True,True,True,Treats & Chews,314.0,B0DTLKZ6NB,2025-05-14,0.0,0.0,0.0,220.0,0.0
In Stock,ACTIVE,0.08800000000000001,28.0,9.46,3.0,34.0,2.0,5.0,False,,4.5,188.0,9.5,0.006968641114982578,0.0,407.0,Dole,1.25,"B0DTLKZ6NB (Dole: Dog Biscuits, Apple & Carrot  Assorted Bag 7oz)",[],True,True,True,True,Treats & Chews,293.0,B0DTLKZ6NB,2025-05-13,2.5,0.0,2.0,287.0,0.0
In Stock,ACTIVE,0.147,48.0,9.5,5.0,34.0,2.0,5.0,False,,4.5,186.0,9.5,0.006666666666666667,0.0,381.0,Dole,2.92,"B0DTLKZ6NB (Dole: Dog Biscuits, Apple & Carrot  Assorted Bag 7oz)",[],True,True,True,True,Treats & Chews,299.0,B0DTLKZ6NB,2025-05-12,2.92,0.0,1.0,150.0,0.0
In Stock,ACTIVE,0.073,29.0,9.5,3.0,41.0,2.0,5.0,False,,4.5,183.0,9.5,0.01282051282051282,0.0,393.0,Dole,2.405,"B0DTLKZ6NB (Dole: Dog Biscuits, Apple & Carrot  Assorted Bag 7oz)",[],True,True,True,True,Treats & Chews,290.0,B0DTLKZ6NB,2025-05-11,4.81,0.0,2.0,156.0,0.0
In Stock,ACTIVE,0.102,47.0,9.49,5.0,49.0,2.0,5.0,False,,4.5,178.0,9.44,0.006825938566552901,1.0,432.0,Dole,3.165,"B0DTLKZ6NB (Dole: Dog Biscuits, Apple & Carrot  Assorted Bag 7oz)",[],True,True,True,True,Treats & Chews,299.0,B0DTLKZ6NB,2025-05-10,6.33,14.48,2.0,293.0,2.0
In Stock,ACTIVE,0.04,9.0,9.44,1.0,25.0,2.0,5.0,False,,4.5,177.0,9.42,0.0,,414.0,Dole,,"B0DTLKZ6NB (Dole: Dog Biscuits, Apple & Carrot  Assorted Bag 7oz)",[],True,True,True,True,Treats & Chews,300.0,B0DTLKZ6NB,2025-05-09,0.0,0.0,0.0,236.0,0.0
In Stock,ACTIVE,0.077,28.0,9.42,3.0,39.0,2.0,5.0,False,,4.5,176.0,9.4,0.0,,434.0,Dole,,"B0DTLKZ6NB (Dole: Dog Biscuits, Apple & Carrot  Assorted Bag 7oz)",[],True,True,True,True,Treats & Chews,301.0,B0DTLKZ6NB,2025-05-08,0.0,0.0,0.0,187.0,0.0
In Stock,ACTIVE,,,,,,5.0,0.0,True,,4.0,28.0,5.79,,,173.0,Dole,,B0DTLRWZP3 (Dole Plant Based Jerky; Banana & Dragonfruit 6oz ),[],True,False,True,True,Treats & Chews,,B0DTLRWZP3,2026-05-15,,,,,
In Stock,ACTIVE,,29.0,5.79,5.0,,5.0,0.0,True,,4.0,28.0,5.79,,,167.0,Dole,,B0DTLRWZP3 (Dole Plant Based Jerky; Banana & Dragonfruit 6oz ),[],True,False,True,True,Treats & Chews,,B0DTLRWZP3,2026-05-14,,,,,
In Stock,ACTIVE,,69.0,5.79,12.0,,5.0,0.0,True,,4.0,28.0,5.79,,,171.0,Dole,,B0DTLRWZP3 (Dole Plant Based Jerky; Banana & Dragonfruit 6oz ),[],True,False,True,True,Treats & Chews,,B0DTLRWZP3,2026-05-13,,,,,
In Stock,ACTIVE,,69.0,5.79,12.0,,5.0,0.0,True,,4.0,28.0,5.79,,,222.0,Dole,,B0DTLRWZP3 (Dole Plant Based Jerky; Banana & Dragonfruit 6oz ),[],True,False,True,True,Treats & Chews,,B0DTLRWZP3,2026-05-12,,,,,
In Stock,ACTIVE,0.155,75.0,5.79,13.0,84.0,5.0,0.0,True,,4.0,28.0,7.24,,,210.0,Dole,,B0DTLRWZP3 (Dole Plant Based Jerky; Banana & Dragonfruit 6oz ),[],True,False,True,True,Treats & Chews,424.0,B0DTLRWZP3,2026-05-11,,,,,
In Stock,ACTIVE,0.0,0.0,,0.0,18.0,5.0,0.0,True,,4.0,28.0,7.24,,,220.0,Dole,,B0DTLRWZP3 (Dole Plant Based Jerky; Banana & Dragonfruit 6oz ),[],True,False,True,True,Treats & Chews,403.0,B0DTLRWZP3,2026-05-10,,,,,
In Stock,ACTIVE,0.045,7.0,7.24,1.0,22.0,5.0,0.0,True,,4.0,28.0,7.24,,,196.0,Dole,,B0DTLRWZP3 (Dole Plant Based Jerky; Banana & Dragonfruit 6oz ),[],True,False,True,True,Treats & Chews,390.0,B0DTLRWZP3,2026-05-09,,,,,
In Stock,ACTIVE,0.091,7.0,7.24,1.0,11.0,5.0,0.0,True,,4.0,28.0,7.24,,,200.0,Dole,,B0DTLRWZP3 (Dole Plant Based Jerky; Banana & Dragonfruit 6oz ),[],True,False,True,True,Treats & Chews,409.0,B0DTLRWZP3,2026-05-08,,,,,
In Stock,ACTIVE,0.308,29.0,7.24,4.0,13.0,5.0,0.0,True,,4.0,28.0,7.24,,,183.0,Dole,,B0DTLRWZP3 (Dole Plant Based Jerky; Banana & Dragonfruit 6oz ),[],True,False,True,True,Treats & Chews,397.0,B0DTLRWZP3,2026-05-07,,,,,
In Stock,ACTIVE,0.143,22.0,7.24,3.0,21.0,5.0,0.0,True,,4.0,28.0,7.24,,,194.0,Dole,,B0DTLRWZP3 (Dole Plant Based Jerky; Banana & Dragonfruit 6oz ),[],True,False,True,True,Treats & Chews,405.0,B0DTLRWZP3,2026-05-06,,,,,
In Stock,ACTIVE,0.286,43.0,7.24,6.0,21.0,5.0,0.0,True,,4.0,28.0,7.24,,,195.0,Dole,,B0DTLRWZP3 (Dole Plant Based Jerky; Banana & Dragonfruit 6oz ),[],True,False,True,True,Treats & Chews,419.0,B0DTLRWZP3,2026-05-05,,,,,
In Stock,ACTIVE,0.111,7.0,7.24,1.0,9.0,5.0,0.0,True,,4.2,27.0,7.24,,,198.0,Dole,,B0DTLRWZP3 (Dole Plant Based Jerky; Banana & Dragonfruit 6oz ),[],True,False,True,True,Treats & Chews,400.0,B0DTLRWZP3,2026-05-04,,,,,
In Stock,ACTIVE,0.25,29.0,7.24,4.0,16.0,5.0,0.0,True,,4.2,27.0,7.24,,,199.0,Dole,,B0DTLRWZP3 (Dole Plant Based Jerky; Banana & Dragonfruit 6oz ),[],True,False,True,True,Treats & Chews,401.0,B0DTLRWZP3,2026-05-03,,,,,
In Stock,ACTIVE,0.05,7.0,7.24,1.0,20.0,5.0,0.0,True,,4.2,27.0,7.24,,,217.0,Dole,,B0DTLRWZP3 (Dole Plant Based Jerky; Banana & Dragonfruit 6oz ),[],True,False,True,True,Treats & Chews,403.0,B0DTLRWZP3,2026-05-02,,,,,
In Stock,ACTIVE,0.333,36.0,7.24,5.0,15.0,5.0,0.0,True,,4.2,27.0,7.24,,,206.0,Dole,,B0DTLRWZP3 (Dole Plant Based Jerky; Banana & Dragonfruit 6oz ),[],True,False,True,True,Treats & Chews,406.0,B0DTLRWZP3,2026-05-01,,,,,
In Stock,ACTIVE,0.353,43.0,7.24,6.0,17.0,5.0,0.0,True,,4.2,27.0,7.24,,,216.0,Dole,,B0DTLRWZP3 (Dole Plant Based Jerky; Banana & Dragonfruit 6oz ),[],True,False,True,True,Treats & Chews,410.0,B0DTLRWZP3,2026-04-30,,,,,
In Stock,ACTIVE,0.217,36.0,7.24,5.0,23.0,5.0,0.0,True,,4.2,26.0,7.24,,,196.0,Dole,,B0DTLRWZP3 (Dole Plant Based Jerky; Banana & Dragonfruit 6oz ),[],True,False,True,True,Treats & Chews,417.0,B0DTLRWZP3,2026-04-29,,,,,
In Stock,ACTIVE,0.0,0.0,,0.0,13.0,5.0,0.0,True,,4.2,26.0,7.24,,,198.0,Dole,,B0DTLRWZP3 (Dole Plant Based Jerky; Banana & Dragonfruit 6oz ),[],True,False,True,True,Treats & Chews,418.0,B0DTLRWZP3,2026-04-28,,,,,
In Stock,ACTIVE,0.333,29.0,7.24,4.0,12.0,5.0,0.0,True,,4.2,26.0,7.24,,,197.0,Dole,,B0DTLRWZP3 (Dole Plant Based Jerky; Banana & Dragonfruit 6oz ),[],True,False,True,True,Treats & Chews,418.0,B0DTLRWZP3,2026-04-27,,,,,
In Stock,ACTIVE,0.148,29.0,7.24,4.0,27.0,5.0,0.0,True,,4.2,26.0,7.24,,,202.0,Dole,,B0DTLRWZP3 (Dole Plant Based Jerky; Banana & Dragonfruit 6oz ),[],True,False,True,True,Treats & Chews,423.0,B0DTLRWZP3,2026-04-26,,,,,
In Stock,ACTIVE,0.278,36.0,7.23,5.0,18.0,5.0,0.0,True,,4.2,26.0,7.24,,,187.0,Dole,,B0DTLRWZP3 (Dole Plant Based Jerky; Banana & Dragonfruit 6oz ),[],True,False,True,True,Treats & Chews,426.0,B0DTLRWZP3,2026-04-25,,,,,
In Stock,ACTIVE,0.1,14.0,7.24,2.0,20.0,5.0,0.0,True,,4.2,26.0,7.24,,,196.0,Dole,,B0DTLRWZP3 (Dole Plant Based Jerky; Banana & Dragonfruit 6oz ),[],True,False,True,True,Treats & Chews,429.0,B0DTLRWZP3,2026-04-24,,,,,
In Stock,ACTIVE,0.5,58.0,7.24,8.0,16.0,5.0,0.0,True,,4.2,26.0,7.24,,,210.0,Dole,,B0DTLRWZP3 (Dole Plant Based Jerky; Banana & Dragonfruit 6oz ),[],True,False,True,True,Treats & Chews,437.0,B0DTLRWZP3,2026-04-23,,,,,
In Stock,ACTIVE,0.529,65.0,7.24,9.0,17.0,5.0,0.0,True,,4.2,26.0,7.24,,,231.0,Dole,,B0DTLRWZP3 (Dole Plant Based Jerky; Banana & Dragonfruit 6oz ),[],True,False,True,True,Treats & Chews,442.0,B0DTLRWZP3,2026-04-22,,,,,
In Stock,ACTIVE,0.385,36.0,7.24,5.0,13.0,5.0,0.0,True,,4.2,26.0,7.24,,,227.0,Dole,,B0DTLRWZP3 (Dole Plant Based Jerky; Banana & Dragonfruit 6oz ),[],True,False,True,True,Treats & Chews,446.0,B0DTLRWZP3,2026-04-21,,,,,
In Stock,ACTIVE,0.176,22.0,7.24,3.0,17.0,5.0,0.0,True,,4.2,26.0,7.24,,,203.0,Dole,,B0DTLRWZP3 (Dole Plant Based Jerky; Banana & Dragonfruit 6oz ),[],True,False,True,True,Treats & Chews,442.0,B0DTLRWZP3,2026-04-20,,,,,
In Stock,ACTIVE,0.053,7.0,7.24,1.0,19.0,5.0,0.0,True,,4.2,26.0,7.24,,,205.0,Dole,,B0DTLRWZP3 (Dole Plant Based Jerky; Banana & Dragonfruit 6oz ),[],True,False,True,True,Treats & Chews,441.0,B0DTLRWZP3,2026-04-19,,,,,
In Stock,ACTIVE,0.25,22.0,7.24,3.0,12.0,5.0,0.0,True,,4.2,26.0,7.24,,,209.0,Dole,,B0DTLRWZP3 (Dole Plant Based Jerky; Banana & Dragonfruit 6oz ),[],True,False,True,True,Treats & Chews,443.0,B0DTLRWZP3,2026-04-18,,,,,
In Stock,ACTIVE,0.118,14.0,7.24,2.0,17.0,5.0,0.0,True,,4.2,26.0,7.24,,,210.0,Dole,,B0DTLRWZP3 (Dole Plant Based Jerky; Banana & Dragonfruit 6oz ),[],True,False,True,True,Treats & Chews,437.0,B0DTLRWZP3,2026-04-17,,,,,
In Stock,ACTIVE,0.333,43.0,7.24,6.0,18.0,5.0,0.0,True,,4.2,26.0,7.24,,,223.0,Dole,,B0DTLRWZP3 (Dole Plant Based Jerky; Banana & Dragonfruit 6oz ),[],True,False,True,True,Treats & Chews,454.0,B0DTLRWZP3,2026-04-16,,,,,
In Stock,ACTIVE,0.087,14.0,7.24,2.0,23.0,5.0,0.0,True,,4.3,25.0,7.24,,,245.0,Dole,,B0DTLRWZP3 (Dole Plant Based Jerky; Banana & Dragonfruit 6oz ),[],True,False,True,True,Treats & Chews,438.0,B0DTLRWZP3,2026-04-15,,,,,
In Stock,ACTIVE,0.136,22.0,7.24,3.0,22.0,5.0,0.0,True,,4.3,25.0,7.24,,,224.0,Dole,,B0DTLRWZP3 (Dole Plant Based Jerky; Banana & Dragonfruit 6oz ),[],True,False,True,True,Treats & Chews,434.0,B0DTLRWZP3,2026-04-14,,,,,
In Stock,ACTIVE,0.05599999999999999,7.0,7.24,1.0,18.0,5.0,0.0,True,,4.3,25.0,7.24,,,200.0,Dole,,B0DTLRWZP3 (Dole Plant Based Jerky; Banana & Dragonfruit 6oz ),[],True,False,True,True,Treats & Chews,433.0,B0DTLRWZP3,2026-04-13,,,,,
In Stock,ACTIVE,0.059,7.0,7.24,1.0,17.0,5.0,0.0,True,,4.3,25.0,7.24,,,212.0,Dole,,B0DTLRWZP3 (Dole Plant Based Jerky; Banana & Dragonfruit 6oz ),[],True,False,True,True,Treats & Chews,399.0,B0DTLRWZP3,2026-04-12,,,,,
In Stock,ACTIVE,0.28,51.0,7.24,7.0,25.0,5.0,0.0,True,,4.3,25.0,7.24,,,198.0,Dole,,B0DTLRWZP3 (Dole Plant Based Jerky; Banana & Dragonfruit 6oz ),[],True,False,True,True,Treats & Chews,0.0,B0DTLRWZP3,2026-04-11,,,,,
In Stock,ACTIVE,0.375,43.0,7.24,6.0,16.0,5.0,0.0,True,,4.3,25.0,7.24,,,198.0,Dole,,B0DTLRWZP3 (Dole Plant Based Jerky; Banana & Dragonfruit 6oz ),[],True,False,True,True,Treats & Chews,418.0,B0DTLRWZP3,2026-04-10,,,,,
In Stock,ACTIVE,0.5329999999999999,58.0,7.24,8.0,15.0,5.0,0.0,True,,4.3,25.0,7.24,,,202.0,Dole,,B0DTLRWZP3 (Dole Plant Based Jerky; Banana & Dragonfruit 6oz ),[],True,False,True,True,Treats & Chews,357.0,B0DTLRWZP3,2026-04-09,,,,,
In Stock,ACTIVE,0.2,29.0,7.24,4.0,20.0,5.0,0.0,True,,4.3,25.0,7.24,,,214.0,Dole,,B0DTLRWZP3 (Dole Plant Based Jerky; Banana & Dragonfruit 6oz ),[],True,False,True,True,Treats & Chews,374.0,B0DTLRWZP3,2026-04-08,,,,,
In Stock,ACTIVE,0.231,22.0,7.24,3.0,13.0,6.0,0.0,True,,4.3,25.0,7.24,,,188.0,Dole,,B0DTLRWZP3 (Dole Plant Based Jerky; Banana & Dragonfruit 6oz ),[],True,False,True,True,Treats & Chews,350.0,B0DTLRWZP3,2026-04-07,,,,,
In Stock,ACTIVE,0.071,7.0,7.24,1.0,14.0,6.0,0.0,True,,4.3,24.0,7.24,,,177.0,Dole,,B0DTLRWZP3 (Dole Plant Based Jerky; Banana & Dragonfruit 6oz ),[],True,False,True,True,Treats & Chews,327.0,B0DTLRWZP3,2026-04-06,,,,,
In Stock,ACTIVE,0.313,36.0,7.24,5.0,16.0,6.0,0.0,True,,4.3,24.0,7.24,,,188.0,Dole,,B0DTLRWZP3 (Dole Plant Based Jerky; Banana & Dragonfruit 6oz ),[],True,False,True,True,Treats & Chews,319.0,B0DTLRWZP3,2026-04-05,,,,,
In Stock,ACTIVE,0.467,51.0,7.24,7.0,15.0,6.0,0.0,True,,4.3,24.0,7.24,,,189.0,Dole,,B0DTLRWZP3 (Dole Plant Based Jerky; Banana & Dragonfruit 6oz ),[],True,False,True,True,Treats & Chews,308.0,B0DTLRWZP3,2026-04-04,,,,,
In Stock,ACTIVE,0.294,36.0,7.24,5.0,17.0,6.0,0.0,True,,4.3,24.0,7.24,,,194.0,Dole,,B0DTLRWZP3 (Dole Plant Based Jerky; Banana & Dragonfruit 6oz ),[],True,False,True,True,Treats & Chews,306.0,B0DTLRWZP3,2026-04-03,,,,,
In Stock,ACTIVE,0.059,7.0,7.24,1.0,17.0,6.0,0.0,True,,4.3,24.0,7.24,,,188.0,Dole,,B0DTLRWZP3 (Dole Plant Based Jerky; Banana & Dragonfruit 6oz ),[],True,False,True,True,Treats & Chews,371.0,B0DTLRWZP3,2026-04-02,,,,,
In Stock,ACTIVE,0.091,14.0,7.24,2.0,22.0,6.0,0.0,True,,4.3,24.0,7.24,,,200.0,Dole,,B0DTLRWZP3 (Dole Plant Based Jerky; Banana & Dragonfruit 6oz ),[],True,False,True,True,Treats & Chews,315.0,B0DTLRWZP3,2026-04-01,,,,,
In Stock,ACTIVE,0.35,51.0,7.24,7.0,20.0,6.0,0.0,True,,4.3,24.0,7.24,,,199.0,Dole,,B0DTLRWZP3 (Dole Plant Based Jerky; Banana & Dragonfruit 6oz ),[],True,False,True,True,Treats & Chews,318.0,B0DTLRWZP3,2026-03-31,,,,,
In Stock,ACTIVE,0.267,29.0,7.24,4.0,15.0,6.0,0.0,True,,4.3,24.0,7.24,,,195.0,Dole,,B0DTLRWZP3 (Dole Plant Based Jerky; Banana & Dragonfruit 6oz ),[],True,False,True,True,Treats & Chews,334.0,B0DTLRWZP3,2026-03-30,,,,,
In Stock,ACTIVE,0.211,29.0,7.24,4.0,19.0,6.0,0.0,True,,4.3,24.0,7.24,,,188.0,Dole,,B0DTLRWZP3 (Dole Plant Based Jerky; Banana & Dragonfruit 6oz ),[],True,False,True,True,Treats & Chews,340.0,B0DTLRWZP3,2026-03-29,,,,,
In Stock,ACTIVE,0.269,51.0,7.24,7.0,26.0,6.0,0.0,True,,4.3,24.0,7.24,,,191.0,Dole,,B0DTLRWZP3 (Dole Plant Based Jerky; Banana & Dragonfruit 6oz ),[],True,False,True,True,Treats & Chews,336.0,B0DTLRWZP3,2026-03-28,,,,,
In Stock,ACTIVE,0.429,43.0,7.24,6.0,14.0,6.0,0.0,True,,4.3,24.0,7.24,,,195.0,Dole,,B0DTLRWZP3 (Dole Plant Based Jerky; Banana & Dragonfruit 6oz ),[],True,False,True,True,Treats & Chews,340.0,B0DTLRWZP3,2026-03-27,,,,,
In Stock,ACTIVE,0.5329999999999999,58.0,7.24,8.0,15.0,6.0,0.0,False,,4.3,24.0,7.24,,,237.0,Dole,,B0DTLRWZP3 (Dole Plant Based Jerky; Banana & Dragonfruit 6oz ),[],True,False,True,True,Treats & Chews,354.0,B0DTLRWZP3,2026-03-25,,,,,
In Stock,ACTIVE,0.308,29.0,7.24,4.0,13.0,6.0,0.0,False,,4.3,24.0,7.24,,,217.0,Dole,,B0DTLRWZP3 (Dole Plant Based Jerky; Banana & Dragonfruit 6oz ),[],True,False,True,True,Treats & Chews,358.0,B0DTLRWZP3,2026-03-24,,,,,
In Stock,ACTIVE,0.3,22.0,7.24,3.0,10.0,6.0,0.0,False,,4.3,24.0,7.24,,,197.0,Dole,,B0DTLRWZP3 (Dole Plant Based Jerky; Banana & Dragonfruit 6oz ),[],True,False,True,True,Treats & Chews,361.0,B0DTLRWZP3,2026-03-23,,,,,
In Stock,ACTIVE,0.143,14.0,7.24,2.0,14.0,6.0,0.0,False,,4.3,261.0,7.24,,,197.0,Dole,,B0DTLRWZP3 (Dole Plant Based Jerky; Banana & Dragonfruit 6oz ),[],True,False,True,True,Treats & Chews,362.0,B0DTLRWZP3,2026-03-22,,,,,
In Stock,ACTIVE,0.182,14.0,7.24,2.0,11.0,6.0,0.0,False,,4.3,260.0,7.24,,,200.0,Dole,,B0DTLRWZP3 (Dole Plant Based Jerky; Banana & Dragonfruit 6oz ),[],True,False,True,True,Treats & Chews,363.0,B0DTLRWZP3,2026-03-21,,,,,
In Stock,ACTIVE,0.25,22.0,7.24,3.0,12.0,6.0,0.0,False,,4.3,260.0,7.24,,,214.0,Dole,,B0DTLRWZP3 (Dole Plant Based Jerky; Banana & Dragonfruit 6oz ),[],True,False,True,True,Treats & Chews,367.0,B0DTLRWZP3,2026-03-20,,,,,
In Stock,ACTIVE,0.235,29.0,7.24,4.0,17.0,6.0,0.0,False,,4.4,259.0,7.24,,,192.0,Dole,,B0DTLRWZP3 (Dole Plant Based Jerky; Banana & Dragonfruit 6oz ),[],True,False,True,True,Treats & Chews,370.0,B0DTLRWZP3,2026-03-19,,,,,
In Stock,ACTIVE,0.0,0.0,,0.0,17.0,6.0,0.0,False,,4.4,259.0,7.24,,,193.0,Dole,,B0DTLRWZP3 (Dole Plant Based Jerky; Banana & Dragonfruit 6oz ),[],True,False,True,True,Treats & Chews,368.0,B0DTLRWZP3,2026-03-18,,,,,
